Hi bobby,

User account **bobby** has been deleted.