Hi bobby
Automatic build of your workspace **bobby-workspace** failed.
The specified reason was "**autostart**".