Hi bobby,
Your account **bobby** has been suspended.