Hi bobby,

New user account **bobby** has been created.