Hi Bobby

The template **bobby-template** was deleted by **rob**.

The templates display name was **Bobby's Template**.