Hi bobby,
User account **bobby** has been suspended.